Archive member included because of file (symbol)

d:/adam/winavr-20100110/bin/../lib/gcc/avr/4.3.3/avr25\libgcc.a(_exit.o)
                              d:/adam/winavr-20100110/bin/../lib/gcc/avr/4.3.3/../../../../avr/lib/avr25/crttn85.o (exit)
d:/adam/winavr-20100110/bin/../lib/gcc/avr/4.3.3/avr25\libgcc.a(_copy_data.o)
                              usbdrv/usbdrv.o (__do_copy_data)
d:/adam/winavr-20100110/bin/../lib/gcc/avr/4.3.3/avr25\libgcc.a(_clear_bss.o)
                              main.o (__do_clear_bss)

Allocating common symbols
Common symbol       size              file

usbTxBuf            0xb               usbdrv/usbdrv.o
usbTxStatus1        0xc               usbdrv/usbdrv.o
usbDeviceAddr       0x1               usbdrv/usbdrv.o
usbRxToken          0x1               usbdrv/usbdrv.o
usbInputBufOffset   0x1               usbdrv/usbdrv.o
usbMsgPtr           0x2               usbdrv/usbdrv.o
usbRxLen            0x1               usbdrv/usbdrv.o
usbNewDeviceAddr    0x1               usbdrv/usbdrv.o
usbCurrentTok       0x1               usbdrv/usbdrv.o
usbConfiguration    0x1               usbdrv/usbdrv.o
usbRxBuf            0x16              usbdrv/usbdrv.o

Memory Configuration

Name             Origin             Length             Attributes
text             0x00000000         0x00002000         xr
data             0x00800060         0x0000ffa0         rw !x
eeprom           0x00810000         0x00010000         rw !x
fuse             0x00820000         0x00000400         rw !x
lock             0x00830000         0x00000400         rw !x
signature        0x00840000         0x00000400         rw !x
*default*        0x00000000         0xffffffff

Linker script and memory map

LOAD d:/adam/winavr-20100110/bin/../lib/gcc/avr/4.3.3/../../../../avr/lib/avr25/crttn85.o
LOAD d:/adam/winavr-20100110/bin/../lib/gcc/avr/4.3.3/../../../../avr/lib/avr25\libm.a
LOAD main.o
LOAD usbdrv/usbdrv.o
LOAD usbdrv/oddebug.o
LOAD usbdrv/usbdrvasm.o
LOAD d:/adam/winavr-20100110/bin/../lib/gcc/avr/4.3.3/avr25\libgcc.a
LOAD d:/adam/winavr-20100110/bin/../lib/gcc/avr/4.3.3/../../../../avr/lib/avr25\libc.a
LOAD d:/adam/winavr-20100110/bin/../lib/gcc/avr/4.3.3/avr25\libgcc.a

.hash
 *(.hash)

.dynsym
 *(.dynsym)

.dynstr
 *(.dynstr)

.gnu.version
 *(.gnu.version)

.gnu.version_d
 *(.gnu.version_d)

.gnu.version_r
 *(.gnu.version_r)

.rel.init
 *(.rel.init)

.rela.init
 *(.rela.init)

.rel.text
 *(.rel.text)
 *(.rel.text.*)
 *(.rel.gnu.linkonce.t*)

.rela.text
 *(.rela.text)
 *(.rela.text.*)
 *(.rela.gnu.linkonce.t*)

.rel.fini
 *(.rel.fini)

.rela.fini
 *(.rela.fini)

.rel.rodata
 *(.rel.rodata)
 *(.rel.rodata.*)
 *(.rel.gnu.linkonce.r*)

.rela.rodata
 *(.rela.rodata)
 *(.rela.rodata.*)
 *(.rela.gnu.linkonce.r*)

.rel.data
 *(.rel.data)
 *(.rel.data.*)
 *(.rel.gnu.linkonce.d*)

.rela.data
 *(.rela.data)
 *(.rela.data.*)
 *(.rela.gnu.linkonce.d*)

.rel.ctors
 *(.rel.ctors)

.rela.ctors
 *(.rela.ctors)

.rel.dtors
 *(.rel.dtors)

.rela.dtors
 *(.rela.dtors)

.rel.got
 *(.rel.got)

.rela.got
 *(.rela.got)

.rel.bss
 *(.rel.bss)

.rela.bss
 *(.rela.bss)

.rel.plt
 *(.rel.plt)

.rela.plt
 *(.rela.plt)

.text           0x00000000      0x796
 *(.vectors)
 .vectors       0x00000000       0x1e d:/adam/winavr-20100110/bin/../lib/gcc/avr/4.3.3/../../../../avr/lib/avr25/crttn85.o
                0x00000000                __vectors
                0x00000000                __vector_default
 *(.vectors)
 *(.progmem.gcc*)
 *(.progmem*)
 .progmem.data  0x0000001e       0x77 main.o
                0x0000001e                deviceDescrMIDI
                0x00000030                configDescrMIDI
 .progmem.data  0x00000095       0x36 usbdrv/usbdrv.o
                0x00000095                usbDescriptorString0
                0x00000099                usbDescriptorStringVendor
                0x000000b9                usbDescriptorStringDevice
                0x000000cc                . = ALIGN (0x2)
 *fill*         0x000000cb        0x1 00
                0x000000cc                __trampolines_start = .
 *(.trampolines)
 .trampolines   0x000000cc        0x0 linker stubs
 *(.trampolines*)
                0x000000cc                __trampolines_end = .
 *(.jumptables)
 *(.jumptables*)
 *(.lowtext)
 *(.lowtext*)
                0x000000cc                __ctors_start = .
 *(.ctors)
                0x000000cc                __ctors_end = .
                0x000000cc                __dtors_start = .
 *(.dtors)
                0x000000cc                __dtors_end = .
 SORT(*)(.ctors)
 SORT(*)(.dtors)
 *(.init0)
 .init0         0x000000cc        0x0 d:/adam/winavr-20100110/bin/../lib/gcc/avr/4.3.3/../../../../avr/lib/avr25/crttn85.o
                0x000000cc                __init
 *(.init0)
 *(.init1)
 *(.init1)
 *(.init2)
 .init2         0x000000cc        0xc d:/adam/winavr-20100110/bin/../lib/gcc/avr/4.3.3/../../../../avr/lib/avr25/crttn85.o
 *(.init2)
 *(.init3)
 *(.init3)
 *(.init4)
 .init4         0x000000d8       0x16 d:/adam/winavr-20100110/bin/../lib/gcc/avr/4.3.3/avr25\libgcc.a(_copy_data.o)
                0x000000d8                __do_copy_data
 .init4         0x000000ee       0x10 d:/adam/winavr-20100110/bin/../lib/gcc/avr/4.3.3/avr25\libgcc.a(_clear_bss.o)
                0x000000ee                __do_clear_bss
 *(.init4)
 *(.init5)
 *(.init5)
 *(.init6)
 *(.init6)
 *(.init7)
 *(.init7)
 *(.init8)
 *(.init8)
 *(.init9)
 .init9         0x000000fe        0x4 d:/adam/winavr-20100110/bin/../lib/gcc/avr/4.3.3/../../../../avr/lib/avr25/crttn85.o
 *(.init9)
 *(.text)
 .text          0x00000102        0x2 d:/adam/winavr-20100110/bin/../lib/gcc/avr/4.3.3/../../../../avr/lib/avr25/crttn85.o
                0x00000102                __vector_1
                0x00000102                __vector_12
                0x00000102                __bad_interrupt
                0x00000102                __vector_6
                0x00000102                __vector_3
                0x00000102                __vector_11
                0x00000102                __vector_13
                0x00000102                __vector_7
                0x00000102                __vector_5
                0x00000102                __vector_4
                0x00000102                __vector_9
                0x00000102                __vector_8
                0x00000102                __vector_14
                0x00000102                __vector_10
 .text          0x00000104      0x126 main.o
                0x0000015e                usbFunctionWriteOut
                0x00000104                usbFunctionDescriptor
                0x0000012c                usbFunctionSetup
                0x00000176                sendMidi
                0x00000160                adc
                0x000001c0                main
                0x00000146                usbFunctionRead
                0x0000015a                usbFunctionWrite
 .text          0x0000022a      0x27a usbdrv/usbdrv.o
                0x00000240                usbPoll
                0x0000045a                usbSetInterrupt
                0x0000022a                usbInit
 .text          0x000004a4        0x0 usbdrv/oddebug.o
 .text          0x000004a4      0x2ee usbdrv/usbdrvasm.o
                0x000004a4                usbCrc16
                0x000004ce                usbCrc16Append
                0x000004d6                __vector_2
 .text          0x00000792        0x0 d:/adam/winavr-20100110/bin/../lib/gcc/avr/4.3.3/avr25\libgcc.a(_exit.o)
 .text          0x00000792        0x0 d:/adam/winavr-20100110/bin/../lib/gcc/avr/4.3.3/avr25\libgcc.a(_copy_data.o)
 .text          0x00000792        0x0 d:/adam/winavr-20100110/bin/../lib/gcc/avr/4.3.3/avr25\libgcc.a(_clear_bss.o)
                0x00000792                . = ALIGN (0x2)
 *(.text.*)
 .text.libgcc   0x00000792        0x0 d:/adam/winavr-20100110/bin/../lib/gcc/avr/4.3.3/avr25\libgcc.a(_exit.o)
 .text.libgcc   0x00000792        0x0 d:/adam/winavr-20100110/bin/../lib/gcc/avr/4.3.3/avr25\libgcc.a(_copy_data.o)
 .text.libgcc   0x00000792        0x0 d:/adam/winavr-20100110/bin/../lib/gcc/avr/4.3.3/avr25\libgcc.a(_clear_bss.o)
                0x00000792                . = ALIGN (0x2)
 *(.fini9)
 .fini9         0x00000792        0x0 d:/adam/winavr-20100110/bin/../lib/gcc/avr/4.3.3/avr25\libgcc.a(_exit.o)
                0x00000792                exit
                0x00000792                _exit
 *(.fini9)
 *(.fini8)
 *(.fini8)
 *(.fini7)
 *(.fini7)
 *(.fini6)
 *(.fini6)
 *(.fini5)
 *(.fini5)
 *(.fini4)
 *(.fini4)
 *(.fini3)
 *(.fini3)
 *(.fini2)
 *(.fini2)
 *(.fini1)
 *(.fini1)
 *(.fini0)
 .fini0         0x00000792        0x4 d:/adam/winavr-20100110/bin/../lib/gcc/avr/4.3.3/avr25\libgcc.a(_exit.o)
 *(.fini0)
                0x00000796                _etext = .

.data           0x00800060        0x2 load address 0x00000796
                0x00800060                PROVIDE (__data_start, .)
 *(.data)
 .data          0x00800060        0x0 d:/adam/winavr-20100110/bin/../lib/gcc/avr/4.3.3/../../../../avr/lib/avr25/crttn85.o
 .data          0x00800060        0x0 main.o
 .data          0x00800060        0x2 usbdrv/usbdrv.o
                0x00800060                usbTxLen
 .data          0x00800062        0x0 usbdrv/oddebug.o
 .data          0x00800062        0x0 usbdrv/usbdrvasm.o
 .data          0x00800062        0x0 d:/adam/winavr-20100110/bin/../lib/gcc/avr/4.3.3/avr25\libgcc.a(_exit.o)
 .data          0x00800062        0x0 d:/adam/winavr-20100110/bin/../lib/gcc/avr/4.3.3/avr25\libgcc.a(_copy_data.o)
 .data          0x00800062        0x0 d:/adam/winavr-20100110/bin/../lib/gcc/avr/4.3.3/avr25\libgcc.a(_clear_bss.o)
 *(.data*)
 *(.rodata)
 *(.rodata*)
 *(.gnu.linkonce.d*)
                0x00800062                . = ALIGN (0x2)
                0x00800062                _edata = .
                0x00800062                PROVIDE (__data_end, .)

.bss            0x00800062       0x38
                0x00800062                PROVIDE (__bss_start, .)
 *(.bss)
 .bss           0x00800062        0x0 d:/adam/winavr-20100110/bin/../lib/gcc/avr/4.3.3/../../../../avr/lib/avr25/crttn85.o
 .bss           0x00800062        0x1 main.o
 .bss           0x00800063        0x1 usbdrv/usbdrv.o
 .bss           0x00800064        0x0 usbdrv/oddebug.o
 .bss           0x00800064        0x0 usbdrv/usbdrvasm.o
 .bss           0x00800064        0x0 d:/adam/winavr-20100110/bin/../lib/gcc/avr/4.3.3/avr25\libgcc.a(_exit.o)
 .bss           0x00800064        0x0 d:/adam/winavr-20100110/bin/../lib/gcc/avr/4.3.3/avr25\libgcc.a(_copy_data.o)
 .bss           0x00800064        0x0 d:/adam/winavr-20100110/bin/../lib/gcc/avr/4.3.3/avr25\libgcc.a(_clear_bss.o)
 *(.bss*)
 *(COMMON)
 COMMON         0x00800064       0x36 usbdrv/usbdrv.o
                0x00800064                usbTxBuf
                0x0080006f                usbTxStatus1
                0x0080007b                usbDeviceAddr
                0x0080007c                usbRxToken
                0x0080007d                usbInputBufOffset
                0x0080007e                usbMsgPtr
                0x00800080                usbRxLen
                0x00800081                usbNewDeviceAddr
                0x00800082                usbCurrentTok
                0x00800083                usbConfiguration
                0x00800084                usbRxBuf
                0x0080009a                PROVIDE (__bss_end, .)
                0x00000796                __data_load_start = LOADADDR (.data)
                0x00000798                __data_load_end = (__data_load_start + SIZEOF (.data))

.noinit         0x0080009a        0x0
                0x0080009a                PROVIDE (__noinit_start, .)
 *(.noinit*)
                0x0080009a                PROVIDE (__noinit_end, .)
                0x0080009a                _end = .
                0x0080009a                PROVIDE (__heap_start, .)

.eeprom         0x00810000        0x0
 *(.eeprom*)
                0x00810000                __eeprom_end = .

.fuse
 *(.fuse)
 *(.lfuse)
 *(.hfuse)
 *(.efuse)

.lock
 *(.lock*)

.signature
 *(.signature*)

.stab           0x00000000     0x10b0
 *(.stab)
 .stab          0x00000000     0x10b0 usbdrv/usbdrvasm.o

.stabstr        0x00000000       0x70
 *(.stabstr)
 .stabstr       0x00000000       0x70 usbdrv/usbdrvasm.o

.stab.excl
 *(.stab.excl)

.stab.exclstr
 *(.stab.exclstr)

.stab.index
 *(.stab.index)

.stab.indexstr
 *(.stab.indexstr)

.comment
 *(.comment)

.debug
 *(.debug)

.line
 *(.line)

.debug_srcinfo
 *(.debug_srcinfo)

.debug_sfnames
 *(.debug_sfnames)

.debug_aranges  0x00000000       0x40
 *(.debug_aranges)
 .debug_aranges
                0x00000000       0x20 main.o
 .debug_aranges
                0x00000020       0x20 usbdrv/usbdrv.o

.debug_pubnames
                0x00000000      0x221
 *(.debug_pubnames)
 .debug_pubnames
                0x00000000       0xc8 main.o
 .debug_pubnames
                0x000000c8      0x159 usbdrv/usbdrv.o

.debug_info     0x00000000      0xdb1
 *(.debug_info)
 .debug_info    0x00000000      0x47d main.o
 .debug_info    0x0000047d      0x8d3 usbdrv/usbdrv.o
 .debug_info    0x00000d50       0x61 usbdrv/oddebug.o
 *(.gnu.linkonce.wi.*)

.debug_abbrev   0x00000000      0x535
 *(.debug_abbrev)
 .debug_abbrev  0x00000000      0x241 main.o
 .debug_abbrev  0x00000241      0x2c1 usbdrv/usbdrv.o
 .debug_abbrev  0x00000502       0x33 usbdrv/oddebug.o

.debug_line     0x00000000      0x685
 *(.debug_line)
 .debug_line    0x00000000      0x284 main.o
 .debug_line    0x00000284      0x3c3 usbdrv/usbdrv.o
 .debug_line    0x00000647       0x3e usbdrv/oddebug.o

.debug_frame    0x00000000       0xd0
 *(.debug_frame)
 .debug_frame   0x00000000       0x90 main.o
 .debug_frame   0x00000090       0x40 usbdrv/usbdrv.o

.debug_str      0x00000000      0x4c1
 *(.debug_str)
 .debug_str     0x00000000      0x222 main.o
                                0x264 (size before relaxing)
 .debug_str     0x00000222      0x28e usbdrv/usbdrv.o
                                0x3f4 (size before relaxing)
 .debug_str     0x000004b0       0x11 usbdrv/oddebug.o
                                 0xaf (size before relaxing)

.debug_loc      0x00000000      0x4f7
 *(.debug_loc)
 .debug_loc     0x00000000      0x145 main.o
 .debug_loc     0x00000145      0x3b2 usbdrv/usbdrv.o

.debug_macinfo
 *(.debug_macinfo)
OUTPUT(vusbtiny.out elf32-avr)
LOAD linker stubs

.debug_ranges   0x00000000       0x88
 .debug_ranges  0x00000000       0x88 usbdrv/usbdrv.o
